Copyright 1986-2022 Xilinx, Inc. All Rights Reserved. Copyright 2022-2023 Advanced Micro Devices, Inc. All Rights Reserved.
---------------------------------------------------------------------------------------------------------------------------------------------
| Tool Version : Vivado v.2023.1 (win64) Build 3865809 Sun May  7 15:05:29 MDT 2023
| Date         : Thu Dec 21 11:46:29 2023
| Host         : DESKTOP-9L1N67Q running 64-bit major release  (build 9200)
| Command      : report_control_sets -verbose -file top_control_sets_placed.rpt
| Design       : top
| Device       : xc7a100t
---------------------------------------------------------------------------------------------------------------------------------------------

Control Set Information

Table of Contents
-----------------
1. Summary
2. Histogram
3. Flip-Flop Distribution
4. Detailed Control Set Information

1. Summary
----------

+----------------------------------------------------------+-------+
|                          Status                          | Count |
+----------------------------------------------------------+-------+
| Total control sets                                       |     8 |
|    Minimum number of control sets                        |     8 |
|    Addition due to synthesis replication                 |     0 |
|    Addition due to physical synthesis replication        |     0 |
| Unused register locations in slices containing registers |    16 |
+----------------------------------------------------------+-------+
* Control sets can be merged at opt_design using control_set_merge or merge_equivalent_drivers
** Run report_qor_suggestions for automated merging and remapping suggestions


2. Histogram
------------

+--------------------+-------+
|       Fanout       | Count |
+--------------------+-------+
| Total control sets |     8 |
| >= 0 to < 4        |     1 |
| >= 4 to < 6        |     2 |
| >= 6 to < 8        |     1 |
| >= 8 to < 10       |     0 |
| >= 10 to < 12      |     0 |
| >= 12 to < 14      |     0 |
| >= 14 to < 16      |     0 |
| >= 16              |     4 |
+--------------------+-------+
* Control sets can be remapped at either synth_design or opt_design


3. Flip-Flop Distribution
-------------------------

+--------------+-----------------------+------------------------+-----------------+--------------+
| Clock Enable | Synchronous Set/Reset | Asynchronous Set/Reset | Total Registers | Total Slices |
+--------------+-----------------------+------------------------+-----------------+--------------+
| No           | No                    | No                     |              18 |            7 |
| No           | No                    | Yes                    |              24 |            9 |
| No           | Yes                   | No                     |              64 |           16 |
| Yes          | No                    | No                     |               0 |            0 |
| Yes          | No                    | Yes                    |              14 |            6 |
| Yes          | Yes                   | No                     |               0 |            0 |
+--------------+-----------------------+------------------------+-----------------+--------------+


4. Detailed Control Set Information
-----------------------------------

+----------------------------+------------------------------------------+---------------------------------------+------------------+----------------+--------------+
|        Clock Signal        |               Enable Signal              |            Set/Reset Signal           | Slice Load Count | Bel Load Count | Bels / Slice |
+----------------------------+------------------------------------------+---------------------------------------+------------------+----------------+--------------+
|  CLK_IBUF_BUFG             |                                          |                                       |                2 |              2 |         1.00 |
|  prescaler3/sPSE_OUT_reg_0 | Inst_fsm/q_i                             | Inst_visualizer/Inst_display/RESET    |                2 |              4 |         2.00 |
|  CLK_IBUF_BUFG             | Inst_visualizer/Inst_display/bcd         | Inst_visualizer/Inst_display/RESET    |                1 |              4 |         4.00 |
|  CLK_IBUF_BUFG             | Inst_visualizer/Inst_display/anodo_count | Inst_visualizer/Inst_display/RESET    |                3 |              6 |         2.00 |
|  prescaler1/sPSE_OUT_reg_0 |                                          |                                       |                5 |             20 |         4.00 |
|  CLK_IBUF_BUFG             |                                          | Inst_visualizer/Inst_display/RESET    |                9 |             24 |         2.67 |
|  CLK_IBUF_BUFG             |                                          | prescaler1/clear                      |                8 |             32 |         4.00 |
|  CLK_IBUF_BUFG             |                                          | prescaler3/sPSE_COUNTER0_carry__2_n_0 |                8 |             32 |         4.00 |
+----------------------------+------------------------------------------+---------------------------------------+------------------+----------------+--------------+


